// Jest Snapshot v1, https://goo.gl/fbAQLP

exports[`renders given a pipeline with resources and loggers 1`] = `
<div>
  <div
    className="sc-htoDjs icLeVm"
  >
    <div
      className="sc-EHOje dltgwV"
    >
      Pipeline
    </div>
    <h3
      className="sc-bwzfXH kAXACy"
    >
      A good test pipeline
    </h3>
  </div>
  <div>
    <div
      className="sc-gzVnrw kmnULz"
      onClick={[Function]}
    >
      Description
      <span
        className="bp3-icon bp3-icon-chevron-down sc-bdVaJa jvnmTD"
        icon="chevron-down"
      >
        <svg
          data-icon="chevron-down"
          height={16}
          viewBox="0 0 16 16"
          width={16}
        >
          <desc>
            chevron-down
          </desc>
          <path
            d="M12 5c-.28 0-.53.11-.71.29L8 8.59l-3.29-3.3a1.003 1.003 0 00-1.42 1.42l4 4c.18.18.43.29.71.29s.53-.11.71-.29l4-4A1.003 1.003 0 0012 5z"
            fillRule="evenodd"
          />
        </svg>
      </span>
    </div>
    <div
      className="bp3-collapse"
      style={
        Object {
          "height": "auto",
          "overflowY": "visible",
          "transition": "none",
        }
      }
    >
      <div
        aria-hidden={false}
        className="bp3-collapse-body"
        style={
          Object {
            "transform": "translateY(0)",
            "transition": "none",
          }
        }
      >
        <div
          className="sc-htoDjs icLeVm"
        >
          <div
            className="sc-dnqmqq jAGQAf"
            onDoubleClick={[Function]}
            style={
              Object {
                "maxHeight": 320,
              }
            }
          >
            <div
              style={
                Object {
                  "overflowX": "auto",
                }
              }
            >
              <p>
                Very friendly and helpful
              </p>
            </div>
          </div>
        </div>
      </div>
    </div>
  </div>
  <div>
    <div
      className="sc-gzVnrw kmnULz"
      onClick={[Function]}
    >
      Modes
      <span
        className="bp3-icon bp3-icon-chevron-up sc-bdVaJa jvnmTD"
        icon="chevron-up"
      >
        <svg
          data-icon="chevron-up"
          height={16}
          viewBox="0 0 16 16"
          width={16}
        >
          <desc>
            chevron-up
          </desc>
          <path
            d="M12.71 9.29l-4-4C8.53 5.11 8.28 5 8 5s-.53.11-.71.29l-4 4a1.003 1.003 0 001.42 1.42L8 7.41l3.29 3.29c.18.19.43.3.71.3a1.003 1.003 0 00.71-1.71z"
            fillRule="evenodd"
          />
        </svg>
      </span>
    </div>
    <div
      className="bp3-collapse"
      style={
        Object {
          "height": undefined,
          "overflowY": undefined,
          "transition": undefined,
        }
      }
    >
      <div
        aria-hidden={false}
        className="bp3-collapse-body"
        style={
          Object {
            "transform": "translateY(-0pxpx)",
            "transition": undefined,
          }
        }
      />
    </div>
  </div>
</div>
`;
